echo "hello testimg "

